residual parameters: 463,971 | device cuda
[epoch 0] train 0.2145 (cov 0.88)  val 0.4849 (cov 0.65 -> target 0.68)
  new best (val 0.4849) -> residual_best.pth
[epoch 1] train 0.1172 (cov 0.82)  val 0.3978 (cov 0.60 -> target 0.68)
  new best (val 0.3978) -> residual_best.pth
[epoch 2] train 0.0957 (cov 0.78)  val 0.1687 (cov 0.68 -> target 0.68)
  new best (val 0.1687) -> residual_best.pth
[epoch 3] train 0.0489 (cov 0.78)  val 0.5496 (cov 0.76 -> target 0.68)
[epoch 4] train 0.0557 (cov 0.77)  val 0.1074 (cov 0.69 -> target 0.68)
  new best (val 0.1074) -> residual_best.pth
[epoch 5] train 0.0579 (cov 0.72)  val 0.0270 (cov 0.80 -> target 0.68)
  new best (val 0.0270) -> residual_best.pth
[epoch 6] train 0.0275 (cov 0.74)  val 0.1327 (cov 0.66 -> target 0.68)
[epoch 7] train 0.0228 (cov 0.77)  val 0.0761 (cov 0.60 -> target 0.68)
[epoch 8] train 0.0400 (cov 0.75)  val 0.1384 (cov 0.58 -> target 0.68)
[epoch 9] train 0.0101 (cov 0.75)  val 0.1425 (cov 0.66 -> target 0.68)
[epoch 10] train 0.0109 (cov 0.72)  val 0.0516 (cov 0.81 -> target 0.68)
[epoch 11] train -0.0048 (cov 0.75)  val 0.0021 (cov 0.76 -> target 0.68)
  new best (val 0.0021) -> residual_best.pth
[epoch 12] train 0.0352 (cov 0.73)  val 0.0189 (cov 0.81 -> target 0.68)
[epoch 13] train -0.0020 (cov 0.76)  val 0.2969 (cov 0.45 -> target 0.68)
[epoch 14] train -0.0087 (cov 0.74)  val -0.0023 (cov 0.78 -> target 0.68)
  new best (val -0.0023) -> residual_best.pth
[epoch 15] train -0.0268 (cov 0.74)  val -0.0172 (cov 0.78 -> target 0.68)
  new best (val -0.0172) -> residual_best.pth
[epoch 16] train -0.0059 (cov 0.72)  val -0.0068 (cov 0.74 -> target 0.68)
[epoch 17] train -0.0262 (cov 0.73)  val -0.0260 (cov 0.76 -> target 0.68)
  new best (val -0.0260) -> residual_best.pth
[epoch 18] train -0.0383 (cov 0.74)  val -0.0330 (cov 0.72 -> target 0.68)
  new best (val -0.0330) -> residual_best.pth
[epoch 19] train -0.0417 (cov 0.73)  val -0.0034 (cov 0.77 -> target 0.68)
[epoch 20] train -0.0336 (cov 0.74)  val -0.0375 (cov 0.73 -> target 0.68)
  new best (val -0.0375) -> residual_best.pth
[epoch 21] train -0.0525 (cov 0.74)  val -0.0118 (cov 0.67 -> target 0.68)
[epoch 22] train -0.0608 (cov 0.74)  val -0.0552 (cov 0.76 -> target 0.68)
  new best (val -0.0552) -> residual_best.pth
[epoch 23] train -0.0660 (cov 0.73)  val -0.0515 (cov 0.73 -> target 0.68)
[epoch 24] train -0.0649 (cov 0.72)  val -0.0740 (cov 0.78 -> target 0.68)
  new best (val -0.0740) -> residual_best.pth
[epoch 25] train -0.0764 (cov 0.73)  val -0.0811 (cov 0.73 -> target 0.68)
  new best (val -0.0811) -> residual_best.pth
[epoch 26] train -0.0769 (cov 0.73)  val -0.0724 (cov 0.76 -> target 0.68)
[epoch 27] train -0.0863 (cov 0.74)  val -0.0726 (cov 0.70 -> target 0.68)
[epoch 28] train -0.0950 (cov 0.73)  val -0.0833 (cov 0.75 -> target 0.68)
  new best (val -0.0833) -> residual_best.pth
[epoch 29] train -0.0982 (cov 0.73)  val -0.0963 (cov 0.73 -> target 0.68)
  new best (val -0.0963) -> residual_best.pth
[epoch 30] train -0.1005 (cov 0.72)  val -0.0739 (cov 0.66 -> target 0.68)
[epoch 31] train -0.1085 (cov 0.73)  val -0.1074 (cov 0.74 -> target 0.68)
  new best (val -0.1074) -> residual_best.pth
[epoch 32] train -0.1072 (cov 0.72)  val -0.1085 (cov 0.73 -> target 0.68)
  new best (val -0.1085) -> residual_best.pth
[epoch 33] train -0.1135 (cov 0.73)  val -0.1140 (cov 0.75 -> target 0.68)
  new best (val -0.1140) -> residual_best.pth
[epoch 34] train -0.1167 (cov 0.72)  val -0.1141 (cov 0.74 -> target 0.68)
  new best (val -0.1141) -> residual_best.pth
[epoch 35] train -0.1200 (cov 0.73)  val -0.1154 (cov 0.76 -> target 0.68)
  new best (val -0.1154) -> residual_best.pth
[epoch 36] train -0.1199 (cov 0.72)  val -0.1170 (cov 0.74 -> target 0.68)
  new best (val -0.1170) -> residual_best.pth
[epoch 37] train -0.1197 (cov 0.73)  val -0.1172 (cov 0.74 -> target 0.68)
  new best (val -0.1172) -> residual_best.pth
[epoch 38] train -0.1209 (cov 0.73)  val -0.1175 (cov 0.74 -> target 0.68)
  new best (val -0.1175) -> residual_best.pth
[epoch 39] train -0.1213 (cov 0.73)  val -0.1183 (cov 0.74 -> target 0.68)
  new best (val -0.1183) -> residual_best.pth
done. best val -0.1183
